// Jest Snapshot v1, https://goo.gl/fbAQLP

exports[`Pruebas en <GifItem /> debe hacer math con el snapshot 1`] = `
<div>
  <div
    class="card"
  >
    <img
      alt="Saitama"
      src="https://one--punch.con/saintama.jpg"
    />
    <p>
      Saitama
    </p>
  </div>
</div>
`;
